Received: with ECARTIS (v1.0.0; list linux-mips); Tue, 22 Mar 2016 00:03:00 +0100 (CET)
Received: from chaos.universe-factory.net ([37.72.148.22]:40907 "EHLO
        chaos.universe-factory.net" rhost-flags-OK-OK-OK-OK)
        by eddie.linux-mips.org with ESMTP id S27008836AbcCUXC71ZLbt (ORCPT
        <rfc822;linux-mips@linux-mips.org>); Tue, 22 Mar 2016 00:02:59 +0100
Received: from [IPv6:2a01:170:1112:0:70b0:be83:fe4e:c804] (unknown [IPv6:2a01:170:1112:0:70b0:be83:fe4e:c804])
        (using TLSv1.2 with cipher ECDHE-RSA-AES128-GCM-SHA256 (128/128 bits))
        (No client certificate requested)
        by chaos.universe-factory.net (Postfix) with ESMTPSA id C94C7183571;
        Tue, 22 Mar 2016 00:02:58 +0100 (CET)
To:     Ralf Baechle <ralf@linux-mips.org>, gregkh@linuxfoundation.org,
        jslaby@suse.com
Cc:     linux-mips@linux-mips.org, linux-serial@vger.kernel.org,
        "linux-kernel@vger.kernel.org" <linux-kernel@vger.kernel.org>
From:   Matthias Schiffer <mschiffer@universe-factory.net>
Subject: Nonterministic hang during bootconsole/console handover on ath79
Message-ID: <56F07DA1.8080404@universe-factory.net>
Date:   Tue, 22 Mar 2016 00:02:57 +0100
User-Agent: Mozilla/5.0 (X11; Linux x86_64; rv:38.0) Gecko/20100101
 Thunderbird/38.7.0
MIME-Version: 1.0
Content-Type: multipart/signed; micalg=pgp-sha512;
 protocol="application/pgp-signature";
 boundary="0eEV0E1eFFUfHS3dkDJcUUGCkHDs7EqLq"
Return-Path: <mschiffer@universe-factory.net>
X-Envelope-To: <"|/home/ecartis/ecartis -s linux-mips"> (uid 0)
X-Orcpt: rfc822;linux-mips@linux-mips.org
Original-Recipient: rfc822;linux-mips@linux-mips.org
X-archive-position: 52667
X-ecartis-version: Ecartis v1.0.0
Sender: linux-mips-bounce@linux-mips.org
Errors-to: linux-mips-bounce@linux-mips.org
X-original-sender: mschiffer@universe-factory.net
Precedence: bulk
List-help: <mailto:ecartis@linux-mips.org?Subject=help>
List-unsubscribe: <mailto:ecartis@linux-mips.org?subject=unsubscribe%20linux-mips>
List-software: Ecartis version 1.0.0
List-Id: linux-mips <linux-mips.eddie.linux-mips.org>
X-List-ID: linux-mips <linux-mips.eddie.linux-mips.org>
List-subscribe: <mailto:ecartis@linux-mips.org?subject=subscribe%20linux-mips>
List-owner: <mailto:ralf@linux-mips.org>
List-post: <mailto:linux-mips@linux-mips.org>
List-archive: <http://www.linux-mips.org/archives/linux-mips/>
X-list: linux-mips

This is an OpenPGP/MIME signed message (RFC 4880 and 3156)
--0eEV0E1eFFUfHS3dkDJcUUGCkHDs7EqLq
Content-Type: multipart/mixed; boundary="G2tXQ2SELgHKiFN7J3JGH6Sl1PBS7nQCo"
From: Matthias Schiffer <mschiffer@universe-factory.net>
To: Ralf Baechle <ralf@linux-mips.org>, gregkh@linuxfoundation.org,
 jslaby@suse.com
Cc: linux-mips@linux-mips.org, linux-serial@vger.kernel.org,
 "linux-kernel@vger.kernel.org" <linux-kernel@vger.kernel.org>
Message-ID: <56F07DA1.8080404@universe-factory.net>
Subject: Nonterministic hang during bootconsole/console handover on ath79

--G2tXQ2SELgHKiFN7J3JGH6Sl1PBS7nQCo
Content-Type: text/plain; charset=utf-8
Content-Transfer-Encoding: quoted-printable

Hi,
we're experiencing weird nondeterministic hangs during bootconsole/consol=
e
handover on some ath79 systems on OpenWrt. I've seen this issue myself on=

kernel 3.18.23~3.18.27 on a AR7241-based system, but according to other
reports ([1], [2]) kernel 4.1.x is affected as well, and other SoCs like
QCA953x likewise.

See the log below for the exact place it hangs; the log was taken in duri=
ng
a good boot; a bad boot will just hang forever at the marked location. Th=
e
issue is extremely hard to debug, as changing the timing in any way (like=

adding additional printk) will usually make it work without problems. (Ev=
en
recompiling the kernel with the same config, but different uname timestam=
p
will make the occurence more or less likely)

My theory is the following:

As soon as ttyS0 is detected and installed as the console, there are two
console drivers active on the serial port at the same time: early0 and
ttyS0. I suspect that the hang occurs when the primitive early0
implementation prom_putchar_ar71xx waits indefinitely on THRE, but the re=
al
driver has just reset the serial controller in a way that makes THRE neve=
r
come. When the boot is successful, I also sometimes see just garbage
instead of the message "serial8250.0: ttyS0 at MMIO 0x18020000...", which=

supports my idea that the kernel is trying to use the serial console whil=
e
it is not correctly setup.

Is is possible that the first "console [ttyS0] disabled" message caused b=
y
the call chain

  serial8250_register_8250_port
  uart_remove_one_port
  unregister_console

should rather unregister early0 (as ttyS0 is not even registered at this
point), so having both drivers active at the same time is avoided?

Does this make any sense? Or do you have any other idea what might cause =
this?

Thanks in advance,
Matthias


[1] https://dev.openwrt.org/ticket/21773
[2] https://dev.openwrt.org/ticket/21857


> [    0.000000] Linux version 3.18.27 (neoraider@avalon) (gcc version 4.=
8.3 (OpenWrt/Linaro GCC 4.8-2014.04 r47335) ) #6 Sun Mar 20 22:40:15 CET =
2016
> [    0.000000] bootconsole [early0] enabled
> [    0.000000] CPU0 revision is: 00019374 (MIPS 24Kc)
> [    0.000000] SoC: Atheros AR7241 rev 1
> [    0.000000] Determined physical RAM map:
> [    0.000000]  memory: 02000000 @ 00000000 (usable)
> [    0.000000] Initrd not found or empty - disabling initrd
> [    0.000000] Zone ranges:
> [    0.000000]   Normal   [mem 0x00000000-0x01ffffff]
> [    0.000000] Movable zone start for each node
> [    0.000000] Early memory node ranges
> [    0.000000]   node   0: [mem 0x00000000-0x01ffffff]
> [    0.000000] Initmem setup node 0 [mem 0x00000000-0x01ffffff]
> [    0.000000] Primary instruction cache 64kB, VIPT, 4-way, linesize 32=
 bytes.
> [    0.000000] Primary data cache 32kB, 4-way, VIPT, cache aliases, lin=
esize 32 bytes
> [    0.000000] Built 1 zonelists in Zone order, mobility grouping on.  =
Total pages: 8128
> [    0.000000] Kernel command line:  board=3DTL-WR841N-v7 console=3Dtty=
S0,115200 rootfstype=3Dsquashfs,jffs2 noinitrd
> [    0.000000] PID hash table entries: 128 (order: -3, 512 bytes)
> [    0.000000] Dentry cache hash table entries: 4096 (order: 2, 16384 b=
ytes)
> [    0.000000] Inode-cache hash table entries: 2048 (order: 1, 8192 byt=
es)
> [    0.000000] Writing ErrCtl register=3D00000000
> [    0.000000] Readback ErrCtl register=3D00000000
> [    0.000000] Memory: 28324K/32768K available (2573K kernel code, 133K=
 rwdata, 540K rodata, 264K init, 193K bss, 4444K reserved)
> [    0.000000] SLUB: HWalign=3D32, Order=3D0-3, MinObjects=3D0, CPUs=3D=
1, Nodes=3D1
> [    0.000000] NR_IRQS:51
> [    0.000000] Clocks: CPU:400.000MHz, DDR:400.000MHz, AHB:200.000MHz, =
Ref:5.000MHz
> [    0.000000] Calibrating delay loop... 265.42 BogoMIPS (lpj=3D1327104=
)
> [    0.080000] pid_max: default: 32768 minimum: 301
> [    0.080000] Mount-cache hash table entries: 1024 (order: 0, 4096 byt=
es)
> [    0.090000] Mountpoint-cache hash table entries: 1024 (order: 0, 409=
6 bytes)
> [    0.100000] NET: Registered protocol family 16
> [    0.100000] MIPS: machine is TP-LINK TL-WR841N/ND v7
> [    0.550000] registering PCI controller with io_map_base unset
> [    0.560000] PCI host bridge to bus 0000:00
> [    0.570000] pci_bus 0000:00: root bus resource [mem 0x10000000-0x13f=
fffff]
> [    0.570000] pci_bus 0000:00: root bus resource [io  0x0000]
> [    0.580000] pci_bus 0000:00: No busn resource found for root bus, wi=
ll use [bus 00-ff]
> [    0.580000] pci 0000:00:00.0: fixup device configuration
> [    0.590000] pci 0000:00:00.0: BAR 0: assigned [mem 0x10000000-0x1000=
ffff 64bit]
> [    0.590000] pci 0000:00:00.0: using irq 40 for pin 1
> [    0.600000] Switched to clocksource MIPS
> [    0.600000] NET: Registered protocol family 2
> [    0.610000] TCP established hash table entries: 1024 (order: 0, 4096=
 bytes)
> [    0.610000] TCP bind hash table entries: 1024 (order: 0, 4096 bytes)=

> [    0.620000] TCP: Hash tables configured (established 1024 bind 1024)=

> [    0.630000] TCP: reno registered
> [    0.630000] UDP hash table entries: 256 (order: 0, 4096 bytes)
> [    0.640000] UDP-Lite hash table entries: 256 (order: 0, 4096 bytes)
> [    0.640000] NET: Registered protocol family 1
> [    0.650000] futex hash table entries: 256 (order: -1, 3072 bytes)
> [    0.660000] squashfs: version 4.0 (2009/01/31) Phillip Lougher
> [    0.670000] jffs2: version 2.2 (NAND) (SUMMARY) (LZMA) (RTIME) (CMOD=
E_PRIORITY) (c) 2001-2006 Red Hat, Inc.
> [    0.680000] msgmni has been set to 55
> [    0.680000] io scheduler noop registered
> [    0.690000] io scheduler deadline registered (default)
> [    0.690000] Serial: 8250/16550 driver, 16 ports, IRQ sharing enabled=

> [    0.700000] console [ttyS0] disabled
>>> Boot will hang here <<<
> [    0.730000] serial8250.0: ttyS0 at MMIO 0x18020000 (irq =3D 11, base=
_baud =3D 12500000) is a 16550A
> [    0.740000] console [ttyS0] enabled
> [    0.740000] console [ttyS0] enabled
> [    0.740000] bootconsole [early0] disabled
> [    0.740000] bootconsole [early0] disabled


--G2tXQ2SELgHKiFN7J3JGH6Sl1PBS7nQCo--

--0eEV0E1eFFUfHS3dkDJcUUGCkHDs7EqLq
Content-Type: application/pgp-signature; name="signature.asc"
Content-Description: OpenPGP digital signature
Content-Disposition: attachment; filename="signature.asc"

-----BEGIN PGP SIGNATURE-----
Version: GnuPG v2

iQIcBAEBCgAGBQJW8H2hAAoJEBbvP2TLIB2cjVYP/iR0aYcw3TKjZpnA61foSKz5
krC3Em9bHwH+yu1ipFZ0e1mkio7wsEkk4o0FQKAuAD5swOwhIiWMW1iPpUKcIJr7
QVaUwKR6WBk8p+n3Xb/Qq+eS6q0QXXtIfvwL5n+txkG9bvD+Vwn9ANAhToFcMfRM
BhIEgF7oGXp477F0ugnl43KWtXXspXIdPt+CM8hpC93IcPm4Gpm+UKhNjegul6Am
4y/Aw3/hYMlxfDQbZz08GxYq9SHY4oOGRrXapd+dhgsXyC5NIbgTArvBdDq04ttf
YbNqmPTa2At/sKulJ+3lyCXmZT1nNGF/n5+28jCk0F+ayIOCVqfO4h7nctYY+dy8
dYsl5A2F7TRQJNjBVRip7wPvJb8u/TqP38YmezEUNzNvaknAkHfM2m9Nfspj+jYx
ZP5LcqxHXvIXiqgQubqbYjWnYLhNbvSlVQ6WSJxd8STNL8PLmjT1T8YpkzBEN3ma
g/83zqjPGV9JJvk10h+jKD4zAsQwWJJCD7gI9h3qhz4vB6pwBBGzXU6oPeI9avfj
/K8Q5uOlOIfOdaPUlx31emYZ1Gkbp1pLy7ETsQNo+CvQAn+EzeaMuRoEMD/fJUx7
ZYXIM7J/r3c+j4ZerlgWa0vuhANOCKUk3PrWe6sqMnDkV0v4GLH0uUMfGrIDJyLi
xRsZljNkyAyHcYMuoU3O
=Wo+I
-----END PGP SIGNATURE-----

--0eEV0E1eFFUfHS3dkDJcUUGCkHDs7EqLq--
